// Jest Snapshot v1, https://goo.gl/fbAQLP

exports[`Should PlaceList rendered correctly 1`] = `
<div
  className="cities__places-list places__list tabs__content"
>
  <article
    className="cities__place-card place-card"
    onMouseOut={[Function]}
    onMouseOver={[Function]}
  >
    <div
      className="cities__image-wrapper place-card__image-wrapper"
    >
      <a
        href="/offer/73"
        onClick={[Function]}
      >
        <img
          alt="Big company apartment"
          className="place-card__image"
          height={200}
          src="http://picsum.photos/248/152?r=0.16844568825898554"
          width={260}
        />
      </a>
    </div>
    <div
      className="place-card__info"
    >
      <div
        className="place-card__price-wrapper"
      >
        <div
          className="place-card__price"
        >
          <b
            className="place-card__price-value"
          >
            €
            2523
          </b>
          <span
            className="place-card__price-text"
          >
            / night
          </span>
        </div>
      </div>
      <div
        className="place-card__rating rating"
      >
        <div
          className="place-card__stars rating__stars"
        >
          <span
            style={
              Object {
                "width": "20%",
              }
            }
          />
          <span
            className="visually-hidden"
          >
            Rating
          </span>
        </div>
      </div>
      <h2
        className="place-card__name"
      >
        <a
          href="/offer/73"
          onClick={[Function]}
        >
          Big company apartment
        </a>
      </h2>
      <p
        className="place-card__type"
      >
        apartment
      </p>
    </div>
  </article>
  <article
    className="cities__place-card place-card"
    onMouseOut={[Function]}
    onMouseOver={[Function]}
  >
    <div
      className="place-card__mark"
    >
      <span>
        Premium
      </span>
    </div>
    <div
      className="cities__image-wrapper place-card__image-wrapper"
    >
      <a
        href="/offer/85"
        onClick={[Function]}
      >
        <img
          alt="Big company apartment"
          className="place-card__image"
          height={200}
          src="http://picsum.photos/248/152?r=0.34977443093807237"
          width={260}
        />
      </a>
    </div>
    <div
      className="place-card__info"
    >
      <div
        className="place-card__price-wrapper"
      >
        <div
          className="place-card__price"
        >
          <b
            className="place-card__price-value"
          >
            €
            3585
          </b>
          <span
            className="place-card__price-text"
          >
            / night
          </span>
        </div>
      </div>
      <div
        className="place-card__rating rating"
      >
        <div
          className="place-card__stars rating__stars"
        >
          <span
            style={
              Object {
                "width": "0%",
              }
            }
          />
          <span
            className="visually-hidden"
          >
            Rating
          </span>
        </div>
      </div>
      <h2
        className="place-card__name"
      >
        <a
          href="/offer/85"
          onClick={[Function]}
        >
          Big company apartment
        </a>
      </h2>
      <p
        className="place-card__type"
      >
        room
      </p>
    </div>
  </article>
</div>
`;
